
drchv@DESKTOP-GM1QOSN MINGW64 ~
$ cd test

drchv@DESKTOP-GM1QOSN MINGW64 ~/test (master)
$ git init
Reinitialized existing Git repository in C:/Users/drchv/test/.git/
#
#initialized git directory
#
drchv@DESKTOP-GM1QOSN MINGW64 ~/test (master)
$ git status
On branch master

No commits yet

Untracked files:
  (use "git add <file>..." to include in what will be committed)
        demo.txt

nothing added to commit but untracked files present (use "git add" to track)
#
#getting the status of branch
#

drchv@DESKTOP-GM1QOSN MINGW64 ~/test (master)
$ git commit -m "Commiting a text file"
On branch master

Initial commit

Untracked files:
  (use "git add <file>..." to include in what will be committed)
        demo.txt

nothing added to commit but untracked files present (use "git add" to track)

#
#runned commit without adding anything
#

drchv@DESKTOP-GM1QOSN MINGW64 ~/test (master)
$ git add demo.txt

#
#added "demo.txt" file 
#

drchv@DESKTOP-GM1QOSN MINGW64 ~/test (master)
$ git commit -m "Commiting a text file"
[master (root-commit) a934dde] Commiting a text file
 1 file changed, 1 insertion(+)
 create mode 100644 demo.txt
#
#committed the file
#

drchv@DESKTOP-GM1QOSN MINGW64 ~/test (master)
$ git status
On branch master
Untracked files:
  (use "git add <file>..." to include in what will be committed)
        info.txt

nothing added to commit but untracked files present (use "git add" to track)

#
#checking the status of branch
#

drchv@DESKTOP-GM1QOSN MINGW64 ~/test (master)
$ git add info.txt

#
#added "info.txt" 
#

drchv@DESKTOP-GM1QOSN MINGW64 ~/test (master)
$ git commit -m "Commiting a text file"
[master ebe1b51] Commiting a text file
 1 file changed, 2 insertions(+)
 create mode 100644 info.txt

#
#committed "info.txt" file to the directory
#

#drchv@DESKTOP-GM1QOSN MINGW64 ~/test (master)
#$ git compare
#git: 'compare' is not a git command. See 'git --help'.

drchv@DESKTOP-GM1QOSN MINGW64 ~/test (master)
$ git diff

#
#command used to get the difference between the file's previous and current version
#

drchv@DESKTOP-GM1QOSN MINGW64 ~/test (master)
$ git diff
diff --git a/info.txt b/info.txt
index 9f131d1..fec1c02 100644
--- a/info.txt
+++ b/info.txt
@@ -1,2 +1,3 @@
 Hello World!
-I'm learning git and today is 19/Jan/2022.
\ No newline at end of file
+I'm learning git and today is 19/Jan/2022.
+And I've also started my #100DaysOfCode
\ No newline at end of file

#
#differences captured
#

drchv@DESKTOP-GM1QOSN MINGW64 ~/test (master)
$ git config --global user.username sethu63

#
#connecting my github account to the local directory
#

drchv@DESKTOP-GM1QOSN MINGW64 ~/test (master)
$ git remote add origin https://github.com/sethu63/learningGit.git

#
#created and connected the remote repository(destination) to the local repo.
#

drchv@DESKTOP-GM1QOSN MINGW64 ~/test (master)
$ git push origin master
Enumerating objects: 6, done.
Counting objects: 100% (6/6), done.
Delta compression using up to 4 threads
Compressing objects: 100% (4/4), done.
Writing objects: 100% (6/6), 551 bytes | 275.00 KiB/s, done.
Total 6 (delta 0), reused 0 (delta 0), pack-reused 0
To https://github.com/sethu63/learningGit.git
 * [new branch]      master -> master

#
#pushing the files to the remote repo i.e to the github account
#

drchv@DESKTOP-GM1QOSN MINGW64 ~/test (master)
$ git branch first_branch

#
#created a branch
#

drchv@DESKTOP-GM1QOSN MINGW64 ~/test (master)
$ git checkout first_branch
Switched to branch 'first_branch'
M       info.txt

#
#switching to the branch
#

drchv@DESKTOP-GM1QOSN MINGW64 ~/test (first_branch)
$ git status
On branch first_branch
Changes not staged for commit:
  (use "git add <file>..." to update what will be committed)
  (use "git restore <file>..." to discard changes in working directory)
        modified:   info.txt

Untracked files:
  (use "git add <file>..." to include in what will be committed)
        info1.txt
        info2.txt
        info3.txt
#
#checking the status
#
no changes added to commit (use "git add" and/or "git commit -a")

drchv@DESKTOP-GM1QOSN MINGW64 ~/test (first_branch)
$ git add info3.txt

#
#added the file
#

drchv@DESKTOP-GM1QOSN MINGW64 ~/test (first_branch)
$ git commit -m"making some changes to first_branch"
[first_branch 0d72845] making some changes to first_branch
 1 file changed, 1 insertion(+)
 create mode 100644 info3.txt

#
#made the file commit to the branch(new)
#

drchv@DESKTOP-GM1QOSN MINGW64 ~/test (first_branch)
$ ls
demo.txt  info.txt  info1.txt  info2.txt  info3.txt

#
#"ls" lists out all the cotents of the directory
#

drchv@DESKTOP-GM1QOSN MINGW64 ~/test (first_branch)
$ git checkout master
Switched to branch 'master'
M       info.txt

#
#moved to master branch
#

drchv@DESKTOP-GM1QOSN MINGW64 ~/test (master)
$ ls
demo.txt  info.txt  info1.txt  info2.txt

drchv@DESKTOP-GM1QOSN MINGW64 ~/test (master)
$ git merge first_branch
Updating ebe1b51..0d72845
Fast-forward
 info3.txt | 1 +
 1 file changed, 1 insertion(+)
 create mode 100644 info3.txt

#
#merging the branches to master
#

drchv@DESKTOP-GM1QOSN MINGW64 ~/test (master)
$ ls
demo.txt  info.txt  info1.txt  info2.txt  info3.txt

drchv@DESKTOP-GM1QOSN MINGW64 ~/test (master)
$ ^C

drchv@DESKTOP-GM1QOSN MINGW64 ~/test (master)
$ ls
demo.txt  info.txt  info1.txt  info2.txt  info3.txt  main.txt

drchv@DESKTOP-GM1QOSN MINGW64 ~/test (master)
$ git status
On branch master
Changes not staged for commit:
  (use "git add <file>..." to update what will be committed)
  (use "git restore <file>..." to discard changes in working directory)
        modified:   info.txt

Untracked files:
  (use "git add <file>..." to include in what will be committed)
        info1.txt
        info2.txt
        main.txt

no changes added to commit (use "git add" and/or "git commit -a")

#
#
#below is some self practice creating and adding my main file which you're reading 
#here i would close my frontend dev. day-1 of my #100daysofcode
#
#

drchv@DESKTOP-GM1QOSN MINGW64 ~/test (master)
$ git add main.txt

drchv@DESKTOP-GM1QOSN MINGW64 ~/test (master)
$ git commit -m "main.txt committed"
[master fec0b1d] main.txt committed
 1 file changed, 0 insertions(+), 0 deletions(-)
 create mode 100644 main.txt

drchv@DESKTOP-GM1QOSN MINGW64 ~/test (master)
$ git config --get remote.origin.url
https://github.com/sethu63/learningGit.git

drchv@DESKTOP-GM1QOSN MINGW64 ~/test (master)
$ git remote add origin https://github.com/sethu63/learningGit.git
error: remote origin already exists.

drchv@DESKTOP-GM1QOSN MINGW64 ~/test (master)
$ git add main.txt

drchv@DESKTOP-GM1QOSN MINGW64 ~/test (master)
$ git commit -m "main.txt committed"
On branch master
Changes not staged for commit:
  (use "git add <file>..." to update what will be committed)
  (use "git restore <file>..." to discard changes in working directory)
        modified:   info.txt

Untracked files:
  (use "git add <file>..." to include in what will be committed)
        info1.txt
        info2.txt

no changes added to commit (use "git add" and/or "git commit -a")